// Jest Snapshot v1, https://goo.gl/fbAQLP

exports[`/ snapshot 1`] = `
<div>
  <h1
    class="text-xl font-bold"
  >
    Shiftmaking
  </h1>
</div>
`;
